Heap
 PSYoungGen      total 681 472K, used 300351K [0x00000000d5f00000, 0x0000000100000000, 0x0000000100000000)
  eden space 674816K, 44% used [0x00000000d5f00000,0x00000000e81fbdd8,0x00000000ff200000)
  from space 6656K, 35% used [0x00000000ff200000,0x00000000ff4540d0,0x00000000ff880000)
  to   space 7168K, 0% used [0x00000000ff900000,0x00000000ff900000,0x0000000100000000)
 ParOldGen       total 87552K, used 6631K [0x0000000081c00000, 0x0000000087180000, 0x00000000d5f00000)
  object space 87552K, 7% used [0x0000000081c00000,0x0000000082279da0,0x0000000087180000)

 PSYoungGen      total 538624K, used 245627K [0x00000000d5f00000, 0x0000000100000000, 0x0000000100000000)
  eden space 390656K, 40% used [0x00000000d5f00000,0x00000000df8b5620,0x00000000edc80000)
  from space 147968K, 59% used [0x00000000f6c80000,0x00000000fc2a9840,0x00000000ffd00000)
  to   space 147456K, 0% used [0x00000000edc80000,0x00000000edc80000,0x00000000f6c80000)
 ParOldGen       total 156160K, used 119400K [0x0000000081c00000, 0x000000008b480000, 0x00000000d5f00000)
  object space 156160K, 76% used [0x0000000081c00000,0x000000008909a240,0x000000008b480000)

 PSYoungGen      total 539136K, used 89638K [0x00000000d5f00000, 0x00000000ff980000, 0x0000000100000000)
  eden space 402944K, 2% used [0x00000000d5f00000,0x00000000d6760e98,0x00000000ee880000)
  from space 136192K, 59% used [0x00000000f7480000,0x00000000fc3a8be0,0x00000000ff980000)
  to   space 139776K, 0% used [0x00000000ee880000,0x00000000ee880000,0x00000000f7100000)
 ParOldGen       total 162304K, used 132642K [0x0000000081c00000, 0x000000008ba80000, 0x00000000d5f00000)
  object space 162304K, 81% used [0x0000000081c00000,0x0000000089d88810,0x000000008ba80000)
